Copyright 1986-2022 Xilinx, Inc. All Rights Reserved.
-------------------------------------------------------------------------------------------------------------------------------------------------------------------------
| Tool Version     : Vivado v.2022.2 (lin64) Build 3671981 Fri Oct 14 04:59:54 MDT 2022
| Date             : Tue Sep  8 05:42:34 2026
| Host             : cachyos-x8664 running 64-bit CachyOS
| Command          : report_power -file finn_hdmi_wrapper_power_routed.rpt -pb finn_hdmi_wrapper_power_summary_routed.pb -rpx finn_hdmi_wrapper_power_routed.rpx
| Design           : finn_hdmi_wrapper
| Device           : xc7z020clg400-1
| Design State     : routed
| Grade            : commercial
| Process          : typical
| Characterization : Production
-------------------------------------------------------------------------------------------------------------------------------------------------------------------------

Power Report

Table of Contents
-----------------
1. Summary
1.1 On-Chip Components
1.2 Power Supply Summary
1.3 Confidence Level
2. Settings
2.1 Environment
2.2 Clock Constraints
3. Detailed Reports
3.1 By Hierarchy

1. Summary
----------

+--------------------------+--------------+
| Total On-Chip Power (W)  | 2.653        |
| Design Power Budget (W)  | Unspecified* |
| Power Budget Margin (W)  | NA           |
| Dynamic (W)              | 2.463        |
| Device Static (W)        | 0.190        |
| Effective TJA (C/W)      | 11.5         |
| Max Ambient (C)          | 54.4         |
| Junction Temperature (C) | 55.6         |
| Confidence Level         | Low          |
| Setting File             | ---          |
| Simulation Activity File | ---          |
| Design Nets Matched      | NA           |
+--------------------------+--------------+
* Specify Design Power Budget using, set_operating_conditions -design_power_budget <value in Watts>


1.1 On-Chip Components
----------------------

+--------------------------+-----------+----------+-----------+-----------------+
| On-Chip                  | Power (W) | Used     | Available | Utilization (%) |
+--------------------------+-----------+----------+-----------+-----------------+
| Clocks                   |     0.147 |       14 |       --- |             --- |
| Slice Logic              |     0.155 |    86388 |       --- |             --- |
|   LUT as Logic           |     0.141 |    26734 |     53200 |           50.25 |
|   Register               |     0.007 |    45068 |    106400 |           42.36 |
|   CARRY4                 |     0.005 |     1773 |     13300 |           13.33 |
|   F7/F8 Muxes            |     0.001 |     1570 |     53200 |            2.95 |
|   LUT as Distributed RAM |    <0.001 |      476 |     17400 |            2.74 |
|   LUT as Shift Register  |    <0.001 |     1187 |     17400 |            6.82 |
|   Others                 |    <0.001 |     2004 |       --- |             --- |
| Signals                  |     0.209 |    67498 |       --- |             --- |
| Block RAM                |     0.238 |      113 |       140 |           80.71 |
| MMCM                     |     0.226 |        2 |         4 |           50.00 |
| DSPs                     |     0.053 |       36 |       220 |           16.36 |
| I/O                      |     0.167 |       20 |       125 |           16.00 |
| PS7                      |     1.268 |        1 |       --- |             --- |
| Static Power             |     0.190 |          |           |                 |
| Total                    |     2.653 |          |           |                 |
+--------------------------+-----------+----------+-----------+-----------------+


1.2 Power Supply Summary
------------------------

+-----------+-------------+-----------+-------------+------------+-------------+-------------+------------+
| Source    | Voltage (V) | Total (A) | Dynamic (A) | Static (A) | Powerup (A) | Budget (A)  | Margin (A) |
+-----------+-------------+-----------+-------------+------------+-------------+-------------+------------+
| Vccint    |       1.000 |     0.822 |       0.793 |      0.029 |       NA    | Unspecified | NA         |
| Vccaux    |       1.800 |     0.160 |       0.141 |      0.019 |       NA    | Unspecified | NA         |
| Vcco33    |       3.300 |     0.041 |       0.040 |      0.001 |       NA    | Unspecified | NA         |
| Vcco25    |       2.500 |     0.000 |       0.000 |      0.000 |       NA    | Unspecified | NA         |
| Vcco18    |       1.800 |     0.000 |       0.000 |      0.000 |       NA    | Unspecified | NA         |
| Vcco15    |       1.500 |     0.000 |       0.000 |      0.000 |       NA    | Unspecified | NA         |
| Vcco135   |       1.350 |     0.000 |       0.000 |      0.000 |       NA    | Unspecified | NA         |
| Vcco12    |       1.200 |     0.000 |       0.000 |      0.000 |       NA    | Unspecified | NA         |
| Vccaux_io |       1.800 |     0.000 |       0.000 |      0.000 |       NA    | Unspecified | NA         |
| Vccbram   |       1.000 |     0.030 |       0.018 |      0.012 |       NA    | Unspecified | NA         |
| MGTAVcc   |       1.000 |     0.000 |       0.000 |      0.000 |       NA    | Unspecified | NA         |
| MGTAVtt   |       1.200 |     0.000 |       0.000 |      0.000 |       NA    | Unspecified | NA         |
| MGTVccaux |       1.800 |     0.000 |       0.000 |      0.000 |       NA    | Unspecified | NA         |
| Vccpint   |       1.000 |     0.703 |       0.659 |      0.044 |       NA    | Unspecified | NA         |
| Vccpaux   |       1.800 |     0.037 |       0.026 |      0.010 |       NA    | Unspecified | NA         |
| Vccpll    |       1.800 |     0.017 |       0.014 |      0.003 |       NA    | Unspecified | NA         |
| Vcco_ddr  |       1.500 |     0.354 |       0.352 |      0.002 |       NA    | Unspecified | NA         |
| Vcco_mio0 |       1.800 |     0.004 |       0.003 |      0.001 |       NA    | Unspecified | NA         |
| Vcco_mio1 |       1.800 |     0.003 |       0.002 |      0.001 |       NA    | Unspecified | NA         |
| Vccadc    |       1.800 |     0.020 |       0.000 |      0.020 |       NA    | Unspecified | NA         |
+-----------+-------------+-----------+-------------+------------+-------------+-------------+------------+


1.3 Confidence Level
--------------------

+-----------------------------+------------+--------------------------------------------------------+------------------------------------------------------------------------------------------------------------+
| User Input Data             | Confidence | Details                                                | Action                                                                                                     |
+-----------------------------+------------+--------------------------------------------------------+------------------------------------------------------------------------------------------------------------+
| Design implementation state | High       | Design is routed                                       |                                                                                                            |
| Clock nodes activity        | High       | User specified more than 95% of clocks                 |                                                                                                            |
| I/O nodes activity          | Low        | More than 75% of inputs are missing user specification | Provide missing input activity with simulation results or by editing the "By Resource Type -> I/Os" view   |
| Internal nodes activity     | Medium     | User specified less than 25% of internal nodes         | Provide missing internal nodes activity with simulation results or by editing the "By Resource Type" views |
| Device models               | High       | Device models are Production                           |                                                                                                            |
|                             |            |                                                        |                                                                                                            |
| Overall confidence level    | Low        |                                                        |                                                                                                            |
+-----------------------------+------------+--------------------------------------------------------+------------------------------------------------------------------------------------------------------------+


2. Settings
-----------

2.1 Environment
---------------

+-----------------------+------------------------+
| Ambient Temp (C)      | 25.0                   |
| ThetaJA (C/W)         | 11.5                   |
| Airflow (LFM)         | 250                    |
| Heat Sink             | none                   |
| ThetaSA (C/W)         | 0.0                    |
| Board Selection       | medium (10"x10")       |
| # of Board Layers     | 8to11 (8 to 11 Layers) |
| Board Temperature (C) | 25.0                   |
+-----------------------+------------------------+


2.2 Clock Constraints
---------------------

+------------------------+------------------------------------------------------------------------------------+-----------------+
| Clock                  | Domain                                                                             | Constraint (ns) |
+------------------------+------------------------------------------------------------------------------------+-----------------+
| CLKFBIN                | finn_hdmi_i/video/hdmi_in/frontend/dvi2rgb_0/U0/TMDS_ClockingX/CLKFBIN             |             8.3 |
| CLK_OUT_5x_hdmi_clk    | finn_hdmi_i/video/hdmi_in/frontend/dvi2rgb_0/U0/TMDS_ClockingX/CLK_OUT_5x_hdmi_clk |             1.7 |
| I                      | finn_hdmi_i/video/hdmi_out/frontend/axi_dynclk/U0/Inst_mmcme2_drp/I                |             2.0 |
| I                      | finn_hdmi_i/video/hdmi_out/frontend/axi_dynclk/U0/PXL_CLK_5X_O                     |             2.0 |
| axi_dynclk_0_PXL_CLK_O | finn_hdmi_i/video/hdmi_out/frontend/axi_dynclk/U0/PXL_CLK_O                        |            10.0 |
| clk_fpga_0             | finn_hdmi_i/ps7_0/inst/FCLK_CLK_unbuffered[0]                                      |            10.0 |
| clk_fpga_1             | finn_hdmi_i/ps7_0/inst/FCLK_CLK_unbuffered[1]                                      |             7.0 |
| clk_fpga_2             | finn_hdmi_i/ps7_0/inst/FCLK_CLK_unbuffered[2]                                      |             5.0 |
| hdmi_in_PixelClk       | finn_hdmi_i/video/hdmi_in/frontend/dvi2rgb_0/U0/TMDS_ClockingX/PixelClkBuffer_0    |             8.3 |
| hdmi_in_clk_p          | hdmi_in_clk_p                                                                      |             8.3 |
| mmcm_fbclk_out         | finn_hdmi_i/video/hdmi_out/frontend/axi_dynclk/U0/Inst_mmcme2_drp/mmcm_fbclk_out   |            10.0 |
+------------------------+------------------------------------------------------------------------------------+-----------------+


3. Detailed Reports
-------------------

3.1 By Hierarchy
----------------

+--------------------------+-----------+
| Name                     | Power (W) |
+--------------------------+-----------+
| finn_hdmi_wrapper        |     2.463 |
|   finn_hdmi_i            |     2.462 |
|     accel_mem_intercon   |     0.004 |
|       m00_couplers       |     0.001 |
|       xbar               |     0.001 |
|     axi_dma_0            |     0.006 |
|       U0                 |     0.006 |
|     finn_design_0        |     0.581 |
|       inst               |     0.581 |
|     ps7_0                |     1.270 |
|       inst               |     1.270 |
|     ps7_0_axi_periph     |     0.016 |
|       m00_couplers       |     0.004 |
|       m01_couplers       |     0.004 |
|       m02_couplers       |     0.003 |
|       xbar               |     0.005 |
|     video                |     0.585 |
|       axi_interconnect_0 |     0.010 |
|       axi_mem_intercon   |     0.006 |
|       axi_vdma           |     0.028 |
|       hdmi_in            |     0.231 |
|       hdmi_out           |     0.309 |
+--------------------------+-----------+


